// Jest Snapshot v1, https://goo.gl/fbAQLP

exports[`navigation renders correctly 1`] = `
<nav
  className="Navigation"
/>
`;
